[DROP] native dropfiles installed
[PIL.PngImagePlugin] STREAM b'IHDR' 16 13
[PIL.PngImagePlugin] STREAM b'sRGB' 41 1
[PIL.PngImagePlugin] STREAM b'gAMA' 54 4
[PIL.PngImagePlugin] STREAM b'pHYs' 70 9
[PIL.PngImagePlugin] STREAM b'IDAT' 91 65445
[PIL.PngImagePlugin] STREAM b'IHDR' 16 13
[PIL.PngImagePlugin] STREAM b'sRGB' 41 1
[PIL.PngImagePlugin] STREAM b'gAMA' 54 4
[PIL.PngImagePlugin] STREAM b'pHYs' 70 9
[PIL.PngImagePlugin] STREAM b'IDAT' 91 48170
[PIL.PngImagePlugin] STREAM b'IHDR' 16 13
[PIL.PngImagePlugin] STREAM b'IDAT' 41 65536
[PIL.PngImagePlugin] STREAM b'IHDR' 16 13
[PIL.PngImagePlugin] STREAM b'sRGB' 41 1
[PIL.PngImagePlugin] STREAM b'gAMA' 54 4
[PIL.PngImagePlugin] STREAM b'pHYs' 70 9
[PIL.PngImagePlugin] STREAM b'IDAT' 91 65445
[PIL.PngImagePlugin] STREAM b'IHDR' 16 13
[PIL.PngImagePlugin] STREAM b'IDAT' 41 65536
[PIL.PngImagePlugin] STREAM b'IHDR' 16 13
[PIL.PngImagePlugin] STREAM b'IDAT' 41 65536
[PIL.PngImagePlugin] STREAM b'IHDR' 16 13
[PIL.PngImagePlugin] STREAM b'sRGB' 41 1
[PIL.PngImagePlugin] STREAM b'gAMA' 54 4
[PIL.PngImagePlugin] STREAM b'pHYs' 70 9
[PIL.PngImagePlugin] STREAM b'IDAT' 91 65445
[PIL.PngImagePlugin] STREAM b'IHDR' 16 13
[PIL.PngImagePlugin] STREAM b'sRGB' 41 1
[PIL.PngImagePlugin] STREAM b'gAMA' 54 4
[PIL.PngImagePlugin] STREAM b'pHYs' 70 9
[PIL.PngImagePlugin] STREAM b'IDAT' 91 65445
[PIL.PngImagePlugin] STREAM b'IHDR' 16 13
[PIL.PngImagePlugin] STREAM b'sRGB' 41 1
[PIL.PngImagePlugin] STREAM b'gAMA' 54 4
[PIL.PngImagePlugin] STREAM b'pHYs' 70 9
[PIL.PngImagePlugin] STREAM b'IDAT' 91 65445
[PIL.PngImagePlugin] STREAM b'IHDR' 16 13
[PIL.PngImagePlugin] STREAM b'IDAT' 41 65536
[PIL.PngImagePlugin] STREAM b'IHDR' 16 13
[PIL.PngImagePlugin] STREAM b'IDAT' 41 50760
[PIL.PngImagePlugin] STREAM b'IHDR' 16 13
[PIL.PngImagePlugin] STREAM b'IDAT' 41 65536
[PIL.PngImagePlugin] STREAM b'IHDR' 16 13
[PIL.PngImagePlugin] STREAM b'IDAT' 41 65536
[PIL.PngImagePlugin] STREAM b'IHDR' 16 13
[PIL.PngImagePlugin] STREAM b'IDAT' 41 65536
[PIL.PngImagePlugin] STREAM b'IHDR' 16 13
[PIL.PngImagePlugin] STREAM b'IDAT' 41 65536
[soundboard.audio] PTT key set to: f9 (VK: 120)
[PIL.PngImagePlugin] STREAM b'IHDR' 16 13
[PIL.PngImagePlugin] STREAM b'IDAT' 41 65536
[PIL.PngImagePlugin] STREAM b'IHDR' 16 13
[PIL.PngImagePlugin] STREAM b'sRGB' 41 1
[PIL.PngImagePlugin] STREAM b'gAMA' 54 4
[PIL.PngImagePlugin] STREAM b'pHYs' 70 9
[PIL.PngImagePlugin] STREAM b'IDAT' 91 65445
[PIL.PngImagePlugin] STREAM b'IHDR' 16 13
[PIL.PngImagePlugin] STREAM b'sRGB' 41 1
[PIL.PngImagePlugin] STREAM b'gAMA' 54 4
[PIL.PngImagePlugin] STREAM b'pHYs' 70 9
[PIL.PngImagePlugin] STREAM b'IDAT' 91 65445
[PIL.PngImagePlugin] STREAM b'IHDR' 16 13
[PIL.PngImagePlugin] STREAM b'sRGB' 41 1
[PIL.PngImagePlugin] STREAM b'gAMA' 54 4
[PIL.PngImagePlugin] STREAM b'pHYs' 70 9
[PIL.PngImagePlugin] STREAM b'IDAT' 91 65445
[PIL.PngImagePlugin] STREAM b'IHDR' 16 13
[PIL.PngImagePlugin] STREAM b'IDAT' 41 36358
[PIL.PngImagePlugin] STREAM b'IHDR' 16 13
[PIL.PngImagePlugin] STREAM b'IDAT' 41 65536
[PIL.PngImagePlugin] STREAM b'IHDR' 16 13
[PIL.PngImagePlugin] STREAM b'IDAT' 41 48095
[PIL.PngImagePlugin] STREAM b'IHDR' 16 13
[PIL.PngImagePlugin] STREAM b'IDAT' 41 65536
[PIL.PngImagePlugin] STREAM b'IHDR' 16 13
[PIL.PngImagePlugin] STREAM b'sRGB' 41 1
[PIL.PngImagePlugin] STREAM b'gAMA' 54 4
[PIL.PngImagePlugin] STREAM b'pHYs' 70 9
[PIL.PngImagePlugin] STREAM b'IDAT' 91 65445
[PIL.PngImagePlugin] STREAM b'IHDR' 16 13
[PIL.PngImagePlugin] STREAM b'sRGB' 41 1
[PIL.PngImagePlugin] STREAM b'gAMA' 54 4
[PIL.PngImagePlugin] STREAM b'pHYs' 70 9
[PIL.PngImagePlugin] STREAM b'IDAT' 91 65445
[PIL.PngImagePlugin] STREAM b'IHDR' 16 13
[PIL.PngImagePlugin] STREAM b'sRGB' 41 1
[PIL.PngImagePlugin] STREAM b'gAMA' 54 4
[PIL.PngImagePlugin] STREAM b'pHYs' 70 9
[PIL.PngImagePlugin] STREAM b'IDAT' 91 65445
[PIL.PngImagePlugin] STREAM b'IHDR' 16 13
[PIL.PngImagePlugin] STREAM b'sRGB' 41 1
[PIL.PngImagePlugin] STREAM b'gAMA' 54 4
[PIL.PngImagePlugin] STREAM b'pHYs' 70 9
[PIL.PngImagePlugin] STREAM b'IDAT' 91 65445
[PIL.PngImagePlugin] STREAM b'IHDR' 16 13
[PIL.PngImagePlugin] STREAM b'sRGB' 41 1
[PIL.PngImagePlugin] STREAM b'gAMA' 54 4
[PIL.PngImagePlugin] STREAM b'pHYs' 70 9
[PIL.PngImagePlugin] STREAM b'IDAT' 91 65445
[PIL.PngImagePlugin] STREAM b'IHDR' 16 13
[PIL.PngImagePlugin] STREAM b'sRGB' 41 1
[PIL.PngImagePlugin] STREAM b'gAMA' 54 4
[PIL.PngImagePlugin] STREAM b'pHYs' 70 9
[PIL.PngImagePlugin] STREAM b'IDAT' 91 65445
[PIL.PngImagePlugin] STREAM b'IHDR' 16 13
[PIL.PngImagePlugin] STREAM b'sRGB' 41 1
[PIL.PngImagePlugin] STREAM b'gAMA' 54 4
[PIL.PngImagePlugin] STREAM b'pHYs' 70 9
[PIL.PngImagePlugin] STREAM b'IDAT' 91 65445
[PIL.PngImagePlugin] STREAM b'IHDR' 16 13
[PIL.PngImagePlugin] STREAM b'sRGB' 41 1
[PIL.PngImagePlugin] STREAM b'gAMA' 54 4
[PIL.PngImagePlugin] STREAM b'pHYs' 70 9
[PIL.PngImagePlugin] STREAM b'IDAT' 91 65445
[PIL.PngImagePlugin] STREAM b'IHDR' 16 13
[PIL.PngImagePlugin] STREAM b'sRGB' 41 1
[PIL.PngImagePlugin] STREAM b'gAMA' 54 4
[PIL.PngImagePlugin] STREAM b'pHYs' 70 9
[PIL.PngImagePlugin] STREAM b'IDAT' 91 65445
[PIL.PngImagePlugin] STREAM b'IHDR' 16 13
[PIL.PngImagePlugin] STREAM b'sRGB' 41 1
[PIL.PngImagePlugin] STREAM b'gAMA' 54 4
[PIL.PngImagePlugin] STREAM b'pHYs' 70 9
[PIL.PngImagePlugin] STREAM b'IDAT' 91 65445
[PIL.PngImagePlugin] STREAM b'IHDR' 16 13
[PIL.PngImagePlugin] STREAM b'sRGB' 41 1
[PIL.PngImagePlugin] STREAM b'gAMA' 54 4
[PIL.PngImagePlugin] STREAM b'pHYs' 70 9
[PIL.PngImagePlugin] STREAM b'IDAT' 91 65445
[PIL.PngImagePlugin] STREAM b'IHDR' 16 13
[PIL.PngImagePlugin] STREAM b'IDAT' 41 65536
[PIL.PngImagePlugin] STREAM b'IHDR' 16 13
[PIL.PngImagePlugin] STREAM b'IDAT' 41 65536
[PIL.PngImagePlugin] STREAM b'IHDR' 16 13
[PIL.PngImagePlugin] STREAM b'IDAT' 41 65536
[PIL.PngImagePlugin] STREAM b'IHDR' 16 13
[PIL.PngImagePlugin] STREAM b'IDAT' 41 65536
[PIL.PngImagePlugin] STREAM b'IHDR' 16 13
[PIL.PngImagePlugin] STREAM b'sRGB' 41 1
[PIL.PngImagePlugin] STREAM b'gAMA' 54 4
[PIL.PngImagePlugin] STREAM b'pHYs' 70 9
[PIL.PngImagePlugin] STREAM b'IDAT' 91 65445
[PIL.PngImagePlugin] STREAM b'IHDR' 16 13
[PIL.PngImagePlugin] STREAM b'sRGB' 41 1
[PIL.PngImagePlugin] STREAM b'gAMA' 54 4
[PIL.PngImagePlugin] STREAM b'pHYs' 70 9
[PIL.PngImagePlugin] STREAM b'IDAT' 91 65445
[PIL.PngImagePlugin] STREAM b'IHDR' 16 13
[PIL.PngImagePlugin] STREAM b'sRGB' 41 1
[PIL.PngImagePlugin] STREAM b'gAMA' 54 4
[PIL.PngImagePlugin] STREAM b'pHYs' 70 9
[PIL.PngImagePlugin] STREAM b'IDAT' 91 65445
[PIL.PngImagePlugin] STREAM b'IHDR' 16 13
[PIL.PngImagePlugin] STREAM b'sRGB' 41 1
[PIL.PngImagePlugin] STREAM b'gAMA' 54 4
[PIL.PngImagePlugin] STREAM b'pHYs' 70 9
[PIL.PngImagePlugin] STREAM b'IDAT' 91 65445
[PIL.PngImagePlugin] STREAM b'IHDR' 16 13
[PIL.PngImagePlugin] STREAM b'sRGB' 41 1
[PIL.PngImagePlugin] STREAM b'gAMA' 54 4
[PIL.PngImagePlugin] STREAM b'pHYs' 70 9
[PIL.PngImagePlugin] STREAM b'IDAT' 91 65445
[PIL.PngImagePlugin] STREAM b'IHDR' 16 13
[PIL.PngImagePlugin] STREAM b'sRGB' 41 1
[PIL.PngImagePlugin] STREAM b'gAMA' 54 4
[PIL.PngImagePlugin] STREAM b'pHYs' 70 9
[PIL.PngImagePlugin] STREAM b'IDAT' 91 65445
[PIL.PngImagePlugin] STREAM b'IHDR' 16 13
[PIL.PngImagePlugin] STREAM b'sRGB' 41 1
[PIL.PngImagePlugin] STREAM b'gAMA' 54 4
[PIL.PngImagePlugin] STREAM b'pHYs' 70 9
[PIL.PngImagePlugin] STREAM b'IDAT' 91 58860
[PIL.PngImagePlugin] STREAM b'IHDR' 16 13
[PIL.PngImagePlugin] STREAM b'sRGB' 41 1
[PIL.PngImagePlugin] STREAM b'gAMA' 54 4
[PIL.PngImagePlugin] STREAM b'pHYs' 70 9
[PIL.PngImagePlugin] STREAM b'IDAT' 91 58860
[PIL.PngImagePlugin] STREAM b'IHDR' 16 13
[PIL.PngImagePlugin] STREAM b'sRGB' 41 1
[PIL.PngImagePlugin] STREAM b'gAMA' 54 4
[PIL.PngImagePlugin] STREAM b'pHYs' 70 9
[PIL.PngImagePlugin] STREAM b'IDAT' 91 50986
[PIL.PngImagePlugin] STREAM b'IHDR' 16 13
[PIL.PngImagePlugin] STREAM b'IDAT' 41 65536
[PIL.PngImagePlugin] STREAM b'IHDR' 16 13
[PIL.PngImagePlugin] STREAM b'IDAT' 41 65536
[PIL.PngImagePlugin] STREAM b'IHDR' 16 13
[PIL.PngImagePlugin] STREAM b'IDAT' 41 65536
[PIL.PngImagePlugin] STREAM b'IHDR' 16 13
[PIL.PngImagePlugin] STREAM b'IDAT' 41 65536
[PIL.PngImagePlugin] STREAM b'IHDR' 16 13
[PIL.PngImagePlugin] STREAM b'IDAT' 41 65536
[PIL.PngImagePlugin] STREAM b'IHDR' 16 13
[PIL.PngImagePlugin] STREAM b'IDAT' 41 65536
[PIL.PngImagePlugin] STREAM b'IHDR' 16 13
[PIL.PngImagePlugin] STREAM b'IDAT' 41 65536
[PIL.PngImagePlugin] STREAM b'IHDR' 16 13
[PIL.PngImagePlugin] STREAM b'IDAT' 41 65536
[PIL.PngImagePlugin] STREAM b'IHDR' 16 13
[PIL.PngImagePlugin] STREAM b'IDAT' 41 65536
[PIL.PngImagePlugin] STREAM b'IHDR' 16 13
[PIL.PngImagePlugin] STREAM b'IDAT' 41 65536
[PIL.PngImagePlugin] STREAM b'IHDR' 16 13
[PIL.PngImagePlugin] STREAM b'IDAT' 41 65536
[PIL.PngImagePlugin] STREAM b'IHDR' 16 13
[PIL.PngImagePlugin] STREAM b'IDAT' 41 65536
[PIL.PngImagePlugin] STREAM b'IHDR' 16 13
[PIL.PngImagePlugin] STREAM b'IDAT' 41 65536
[PIL.PngImagePlugin] STREAM b'IHDR' 16 13
[PIL.PngImagePlugin] STREAM b'IDAT' 41 65536
[PIL.PngImagePlugin] STREAM b'IHDR' 16 13
[PIL.PngImagePlugin] STREAM b'IDAT' 41 65536
[PIL.PngImagePlugin] STREAM b'IHDR' 16 13
[PIL.PngImagePlugin] STREAM b'IDAT' 41 51211
[PIL.PngImagePlugin] STREAM b'IHDR' 16 13
[PIL.PngImagePlugin] STREAM b'IDAT' 41 65536
[PIL.PngImagePlugin] STREAM b'IHDR' 16 13
[PIL.PngImagePlugin] STREAM b'sRGB' 41 1
[PIL.PngImagePlugin] STREAM b'gAMA' 54 4
[PIL.PngImagePlugin] STREAM b'pHYs' 70 9
[PIL.PngImagePlugin] STREAM b'IDAT' 91 65445
[PIL.PngImagePlugin] STREAM b'IHDR' 16 13
[PIL.PngImagePlugin] STREAM b'sRGB' 41 1
[PIL.PngImagePlugin] STREAM b'gAMA' 54 4
[PIL.PngImagePlugin] STREAM b'pHYs' 70 9
[PIL.PngImagePlugin] STREAM b'IDAT' 91 65445
[PIL.PngImagePlugin] STREAM b'IHDR' 16 13
[PIL.PngImagePlugin] STREAM b'sRGB' 41 1
[PIL.PngImagePlugin] STREAM b'gAMA' 54 4
[PIL.PngImagePlugin] STREAM b'pHYs' 70 9
[PIL.PngImagePlugin] STREAM b'IDAT' 91 56416
[PIL.PngImagePlugin] STREAM b'IHDR' 16 13
[PIL.PngImagePlugin] STREAM b'sRGB' 41 1
[PIL.PngImagePlugin] STREAM b'gAMA' 54 4
[PIL.PngImagePlugin] STREAM b'pHYs' 70 9
[PIL.PngImagePlugin] STREAM b'IDAT' 91 65445
[PIL.PngImagePlugin] STREAM b'IHDR' 16 13
[PIL.PngImagePlugin] STREAM b'sRGB' 41 1
[PIL.PngImagePlugin] STREAM b'gAMA' 54 4
[PIL.PngImagePlugin] STREAM b'pHYs' 70 9
[PIL.PngImagePlugin] STREAM b'IDAT' 91 65445
[PIL.PngImagePlugin] STREAM b'IHDR' 16 13
[PIL.PngImagePlugin] STREAM b'sRGB' 41 1
[PIL.PngImagePlugin] STREAM b'gAMA' 54 4
[PIL.PngImagePlugin] STREAM b'pHYs' 70 9
[PIL.PngImagePlugin] STREAM b'IDAT' 91 65445
[PIL.PngImagePlugin] STREAM b'IHDR' 16 13
[PIL.PngImagePlugin] STREAM b'sRGB' 41 1
[PIL.PngImagePlugin] STREAM b'gAMA' 54 4
[PIL.PngImagePlugin] STREAM b'pHYs' 70 9
[PIL.PngImagePlugin] STREAM b'IDAT' 91 65445
[PIL.PngImagePlugin] STREAM b'IHDR' 16 13
[PIL.PngImagePlugin] STREAM b'sRGB' 41 1
[PIL.PngImagePlugin] STREAM b'gAMA' 54 4
[PIL.PngImagePlugin] STREAM b'pHYs' 70 9
[PIL.PngImagePlugin] STREAM b'IDAT' 91 49115
[PIL.PngImagePlugin] STREAM b'IHDR' 16 13
[PIL.PngImagePlugin] STREAM b'sRGB' 41 1
[PIL.PngImagePlugin] STREAM b'gAMA' 54 4
[PIL.PngImagePlugin] STREAM b'pHYs' 70 9
[PIL.PngImagePlugin] STREAM b'IDAT' 91 10389
[PIL.PngImagePlugin] STREAM b'IHDR' 16 13
[PIL.PngImagePlugin] STREAM b'sRGB' 41 1
[PIL.PngImagePlugin] STREAM b'gAMA' 54 4
[PIL.PngImagePlugin] STREAM b'pHYs' 70 9
[PIL.PngImagePlugin] STREAM b'IDAT' 91 10389
[PIL.PngImagePlugin] STREAM b'IHDR' 16 13
[PIL.PngImagePlugin] STREAM b'sRGB' 41 1
[PIL.PngImagePlugin] STREAM b'gAMA' 54 4
[PIL.PngImagePlugin] STREAM b'pHYs' 70 9
[PIL.PngImagePlugin] STREAM b'IDAT' 91 65445
[PIL.PngImagePlugin] STREAM b'IHDR' 16 13
[PIL.PngImagePlugin] STREAM b'sRGB' 41 1
[PIL.PngImagePlugin] STREAM b'gAMA' 54 4
[PIL.PngImagePlugin] STREAM b'pHYs' 70 9
[PIL.PngImagePlugin] STREAM b'IDAT' 91 65445
[PIL.PngImagePlugin] STREAM b'IHDR' 16 13
[PIL.PngImagePlugin] STREAM b'sRGB' 41 1
[PIL.PngImagePlugin] STREAM b'gAMA' 54 4
[PIL.PngImagePlugin] STREAM b'pHYs' 70 9
[PIL.PngImagePlugin] STREAM b'IDAT' 91 16371
[PIL.PngImagePlugin] STREAM b'IHDR' 16 13
[PIL.PngImagePlugin] STREAM b'sRGB' 41 1
[PIL.PngImagePlugin] STREAM b'gAMA' 54 4
[PIL.PngImagePlugin] STREAM b'pHYs' 70 9
[PIL.PngImagePlugin] STREAM b'IDAT' 91 65445
[PIL.PngImagePlugin] STREAM b'IHDR' 16 13
[PIL.PngImagePlugin] STREAM b'sRGB' 41 1
[PIL.PngImagePlugin] STREAM b'gAMA' 54 4
[PIL.PngImagePlugin] STREAM b'pHYs' 70 9
[PIL.PngImagePlugin] STREAM b'IDAT' 91 28731
[PIL.PngImagePlugin] STREAM b'IHDR' 16 13
[PIL.PngImagePlugin] STREAM b'sRGB' 41 1
[PIL.PngImagePlugin] STREAM b'gAMA' 54 4
[PIL.PngImagePlugin] STREAM b'pHYs' 70 9
[PIL.PngImagePlugin] STREAM b'IDAT' 91 32829
[PIL.PngImagePlugin] STREAM b'IHDR' 16 13
[PIL.PngImagePlugin] STREAM b'sRGB' 41 1
[PIL.PngImagePlugin] STREAM b'gAMA' 54 4
[PIL.PngImagePlugin] STREAM b'pHYs' 70 9
[PIL.PngImagePlugin] STREAM b'IDAT' 91 65445
[PIL.PngImagePlugin] STREAM b'IHDR' 16 13
[PIL.PngImagePlugin] STREAM b'sRGB' 41 1
[PIL.PngImagePlugin] STREAM b'gAMA' 54 4
[PIL.PngImagePlugin] STREAM b'pHYs' 70 9
[PIL.PngImagePlugin] STREAM b'IDAT' 91 65445
[PIL.PngImagePlugin] STREAM b'IHDR' 16 13
[PIL.PngImagePlugin] STREAM b'sRGB' 41 1
[PIL.PngImagePlugin] STREAM b'gAMA' 54 4
[PIL.PngImagePlugin] STREAM b'pHYs' 70 9
[PIL.PngImagePlugin] STREAM b'IDAT' 91 65445
[PIL.PngImagePlugin] STREAM b'IHDR' 16 13
[PIL.PngImagePlugin] STREAM b'sRGB' 41 1
[PIL.PngImagePlugin] STREAM b'gAMA' 54 4
[PIL.PngImagePlugin] STREAM b'pHYs' 70 9
[PIL.PngImagePlugin] STREAM b'IDAT' 91 65445
[PIL.PngImagePlugin] STREAM b'IHDR' 16 13
[PIL.PngImagePlugin] STREAM b'sRGB' 41 1
[PIL.PngImagePlugin] STREAM b'gAMA' 54 4
[PIL.PngImagePlugin] STREAM b'pHYs' 70 9
[PIL.PngImagePlugin] STREAM b'IDAT' 91 65445
[PIL.PngImagePlugin] STREAM b'IHDR' 16 13
[PIL.PngImagePlugin] STREAM b'sRGB' 41 1
[PIL.PngImagePlugin] STREAM b'gAMA' 54 4
[PIL.PngImagePlugin] STREAM b'pHYs' 70 9
[PIL.PngImagePlugin] STREAM b'IDAT' 91 65445
[PIL.PngImagePlugin] STREAM b'IHDR' 16 13
[PIL.PngImagePlugin] STREAM b'sRGB' 41 1
[PIL.PngImagePlugin] STREAM b'gAMA' 54 4
[PIL.PngImagePlugin] STREAM b'pHYs' 70 9
[PIL.PngImagePlugin] STREAM b'IDAT' 91 65445
[PIL.PngImagePlugin] STREAM b'IHDR' 16 13
[PIL.PngImagePlugin] STREAM b'sRGB' 41 1
[PIL.PngImagePlugin] STREAM b'gAMA' 54 4
[PIL.PngImagePlugin] STREAM b'pHYs' 70 9
[PIL.PngImagePlugin] STREAM b'IDAT' 91 65445
[PIL.PngImagePlugin] STREAM b'IHDR' 16 13
[PIL.PngImagePlugin] STREAM b'sRGB' 41 1
[PIL.PngImagePlugin] STREAM b'gAMA' 54 4
[PIL.PngImagePlugin] STREAM b'pHYs' 70 9
[PIL.PngImagePlugin] STREAM b'IDAT' 91 65445
[PIL.PngImagePlugin] STREAM b'IHDR' 16 13
[PIL.PngImagePlugin] STREAM b'sRGB' 41 1
[PIL.PngImagePlugin] STREAM b'gAMA' 54 4
[PIL.PngImagePlugin] STREAM b'pHYs' 70 9
[PIL.PngImagePlugin] STREAM b'IDAT' 91 65445
[PIL.PngImagePlugin] STREAM b'IHDR' 16 13
[PIL.PngImagePlugin] STREAM b'sRGB' 41 1
[PIL.PngImagePlugin] STREAM b'gAMA' 54 4
[PIL.PngImagePlugin] STREAM b'pHYs' 70 9
[PIL.PngImagePlugin] STREAM b'IDAT' 91 65445
[PIL.PngImagePlugin] STREAM b'IHDR' 16 13
[PIL.PngImagePlugin] STREAM b'sRGB' 41 1
[PIL.PngImagePlugin] STREAM b'gAMA' 54 4
[PIL.PngImagePlugin] STREAM b'pHYs' 70 9
[PIL.PngImagePlugin] STREAM b'IDAT' 91 65445
[PIL.PngImagePlugin] STREAM b'IHDR' 16 13
[PIL.PngImagePlugin] STREAM b'sRGB' 41 1
[PIL.PngImagePlugin] STREAM b'gAMA' 54 4
[PIL.PngImagePlugin] STREAM b'pHYs' 70 9
[PIL.PngImagePlugin] STREAM b'IDAT' 91 65445
[PIL.PngImagePlugin] STREAM b'IHDR' 16 13
[PIL.PngImagePlugin] STREAM b'sRGB' 41 1
[PIL.PngImagePlugin] STREAM b'gAMA' 54 4
[PIL.PngImagePlugin] STREAM b'pHYs' 70 9
[PIL.PngImagePlugin] STREAM b'IDAT' 91 65445
[PIL.PngImagePlugin] STREAM b'IHDR' 16 13
[PIL.PngImagePlugin] STREAM b'sRGB' 41 1
[PIL.PngImagePlugin] STREAM b'gAMA' 54 4
[PIL.PngImagePlugin] STREAM b'pHYs' 70 9
[PIL.PngImagePlugin] STREAM b'IDAT' 91 65445
[PIL.PngImagePlugin] STREAM b'IHDR' 16 13
[PIL.PngImagePlugin] STREAM b'sRGB' 41 1
[PIL.PngImagePlugin] STREAM b'gAMA' 54 4
[PIL.PngImagePlugin] STREAM b'pHYs' 70 9
[PIL.PngImagePlugin] STREAM b'IDAT' 91 65445
